$ tsx scripts/run-gates.ts doc-sync
run-gates: doc-sync running 30 gate(s) with 4 worker(s) from 10 available CPU(s), doc-sync cap 4.
run-gates: start doc-typecheck
run-gates: start doc graphs
run-gates: start markdown links
run-gates: start type equivalence
run-gates: PASS type equivalence (5.46s)
run-gates: start cordis catalog
run-gates: PASS markdown links (7.84s)
run-gates: start Cordis inspect catalog
run-gates: PASS doc graphs (10.44s)
run-gates: start verify-mermaid
run-gates: PASS Cordis inspect catalog (2.64s)
run-gates: start scoped events
run-gates: PASS doc-typecheck (12.57s)
run-gates: start translation pairing
run-gates: PASS cordis catalog (7.15s)
run-gates: start markdown wrap
run-gates: PASS verify-mermaid (5.77s)
run-gates: start client catalog
run-gates: PASS scoped events (6.09s)
run-gates: start export jsdoc
run-gates: PASS markdown wrap (4.75s)
run-gates: start tool catalog
run-gates: PASS client catalog (1.59s)
run-gates: start config catalog
run-gates: PASS tool catalog (0.96s)
run-gates: start persistence catalog
run-gates: PASS config catalog (1.02s)
run-gates: start public repository links
run-gates: PASS persistence catalog (0.99s)
run-gates: start doc refs
run-gates: PASS export jsdoc (2.79s)
run-gates: start subsystem pages
run-gates: PASS subsystem pages (0.53s)
run-gates: start package paths
run-gates: PASS doc refs (0.66s)
run-gates: start tsconfig paths
run-gates: PASS public repository links (1.31s)
run-gates: start config source ownership
run-gates: PASS tsconfig paths (0.43s)
run-gates: start package README model experience
run-gates: PASS config source ownership (0.41s)
run-gates: start agent note classification
run-gates: PASS package paths (0.78s)
run-gates: start agent note format
run-gates: PASS agent note classification (0.44s)
run-gates: start archived agent notes
run-gates: PASS agent note format (0.46s)
run-gates: start skill invocation metadata
run-gates: PASS archived agent notes (0.45s)
run-gates: start translation prompt
run-gates: PASS skill invocation metadata (0.41s)
run-gates: start doc budgets
run-gates: PASS translation pairing (8.97s)
run-gates: start documentation standard tests
run-gates: PASS translation prompt (0.41s)
run-gates: start package README limitations
run-gates: PASS doc budgets (0.39s)
run-gates: PASS documentation standard tests (0.92s)
run-gates: PASS package README model experience (2.39s)
run-gates: PASS package README limitations (2.18s)

run-gates: 30 passed, 0 failed, 0 skipped in 24.03s.
