go test ./internal/... ./cmd/...
ok  	github.com/jinyitao123/weave/internal/app/api	7.308s
ok  	github.com/jinyitao123/weave/internal/app/apikeys	(cached)
?   	github.com/jinyitao123/weave/internal/app/attachments	[no test files]
ok  	github.com/jinyitao123/weave/internal/app/bootstrap	(cached)
ok  	github.com/jinyitao123/weave/internal/app/chatrequest	(cached)
ok  	github.com/jinyitao123/weave/internal/app/cli	2.306s
?   	github.com/jinyitao123/weave/internal/app/conversation	[no test files]
ok  	github.com/jinyitao123/weave/internal/app/daemon	2.651s
ok  	github.com/jinyitao123/weave/internal/app/mcpprotocol	(cached)
ok  	github.com/jinyitao123/weave/internal/app/mcpstdio	0.855s
ok  	github.com/jinyitao123/weave/internal/app/metateam	3.103s
?   	github.com/jinyitao123/weave/internal/app/ownermem	[no test files]
?   	github.com/jinyitao123/weave/internal/app/projects	[no test files]
ok  	github.com/jinyitao123/weave/internal/app/teamevaluations	4.559s
ok  	github.com/jinyitao123/weave/internal/app/teamtemplates	5.405s
?   	github.com/jinyitao123/weave/internal/app/users	[no test files]
ok  	github.com/jinyitao123/weave/internal/app/weaveclient	(cached)
?   	github.com/jinyitao123/weave/internal/base/db	[no test files]
?   	github.com/jinyitao123/weave/internal/base/deliverable	[no test files]
?   	github.com/jinyitao123/weave/internal/base/execution	[no test files]
ok  	github.com/jinyitao123/weave/internal/base/fanout	(cached)
ok  	github.com/jinyitao123/weave/internal/base/fileartifact	3.868s
ok  	github.com/jinyitao123/weave/internal/base/frozen	(cached)
?   	github.com/jinyitao123/weave/internal/base/snapshot	[no test files]
?   	github.com/jinyitao123/weave/internal/base/storeext	[no test files]
?   	github.com/jinyitao123/weave/internal/base/streamctx	[no test files]
?   	github.com/jinyitao123/weave/internal/base/taskqueue	[no test files]
ok  	github.com/jinyitao123/weave/internal/base/teamrun	18.268s
?   	github.com/jinyitao123/weave/internal/base/testutil	[no test files]
ok  	github.com/jinyitao123/weave/internal/build/teambuild	9.110s
ok  	github.com/jinyitao123/weave/internal/build/teameval	5.243s
?   	github.com/jinyitao123/weave/internal/build/teameval/gatecodes	[no test files]
ok  	github.com/jinyitao123/weave/internal/build/teamforge	4.349s
ok  	github.com/jinyitao123/weave/internal/build/teamorch	5.195s
?   	github.com/jinyitao123/weave/internal/build/teamrestore	[no test files]
ok  	github.com/jinyitao123/weave/internal/build/teamtemplate	4.665s
?   	github.com/jinyitao123/weave/internal/kernel/audit	[no test files]
ok  	github.com/jinyitao123/weave/internal/kernel/compiler	(cached)
ok  	github.com/jinyitao123/weave/internal/kernel/config	(cached)
?   	github.com/jinyitao123/weave/internal/kernel/credentials	[no test files]
?   	github.com/jinyitao123/weave/internal/kernel/declarative	[no test files]
?   	github.com/jinyitao123/weave/internal/kernel/declarative/designprompt	[no test files]
?   	github.com/jinyitao123/weave/internal/kernel/declarative/schema	[no test files]
?   	github.com/jinyitao123/weave/internal/kernel/delivery	[no test files]
?   	github.com/jinyitao123/weave/internal/kernel/embedder	[no test files]
ok  	github.com/jinyitao123/weave/internal/kernel/engine	(cached)
?   	github.com/jinyitao123/weave/internal/kernel/execenv	[no test files]
?   	github.com/jinyitao123/weave/internal/kernel/freezer	[no test files]
?   	github.com/jinyitao123/weave/internal/kernel/grounding	[no test files]
ok  	github.com/jinyitao123/weave/internal/kernel/llmrouter	(cached)
ok  	github.com/jinyitao123/weave/internal/kernel/loomruntime	7.041s
?   	github.com/jinyitao123/weave/internal/kernel/mcphost	[no test files]
?   	github.com/jinyitao123/weave/internal/kernel/mcpprobe	[no test files]
?   	github.com/jinyitao123/weave/internal/kernel/mcpregistry	[no test files]
?   	github.com/jinyitao123/weave/internal/kernel/memory	[no test files]
ok  	github.com/jinyitao123/weave/internal/kernel/org	(cached)
?   	github.com/jinyitao123/weave/internal/kernel/otel	[no test files]
?   	github.com/jinyitao123/weave/internal/kernel/registry	[no test files]
?   	github.com/jinyitao123/weave/internal/kernel/revocation	[no test files]
ok  	github.com/jinyitao123/weave/internal/kernel/runtimellm	4.216s
ok  	github.com/jinyitao123/weave/internal/kernel/runtimes	16.734s
ok  	github.com/jinyitao123/weave/internal/kernel/schedule	(cached)
ok  	github.com/jinyitao123/weave/internal/kernel/secret	(cached)
?   	github.com/jinyitao123/weave/internal/kernel/sessionexec	[no test files]
?   	github.com/jinyitao123/weave/internal/kernel/skills	[no test files]
?   	github.com/jinyitao123/weave/internal/kernel/teamcompiler	[no test files]
ok  	github.com/jinyitao123/weave/internal/kernel/workflow	4.162s
ok  	github.com/jinyitao123/weave/internal/kernel/workflow/machine	(cached)
ok  	github.com/jinyitao123/weave/internal/kernel/workflowhealth	(cached)
ok  	github.com/jinyitao123/weave/cmd/weave	4.014s
./scripts/depguard.sh
depguard baseline: exact upward edges 11/11
depguard ok: scanned 542 Go files, violations 0
./scripts/productguard.sh
product boundary: passed
WEAVE_TEST_COMPOSE=1 python3 -m unittest discover -s tools/tests -p test_governance.py -k PlatformCompose -v
test_first_boot_and_runtime_profile (test_governance.PlatformComposeTests.test_first_boot_and_runtime_profile) ... ok

----------------------------------------------------------------------
Ran 1 test in 0.182s

OK
