=== RUN   TestWorkflowMemberParkKeepsCallAndResumesItsOriginalRunRealPG
    workflow_member_pg_test.go:62: first={MemberBreakdown:map[] ActiveMember:0xf4be56c0750 Status:failed Output:<nil> Outputs:map[] ArtifactTaskIDs:map[] DeliveryErrors:map[] NodeID: WaitKind: WaitDetail:[] Usage:{nextCallOrdinals:map[worker:1] calls:map[uc1_6f71f021e191160e192fd9dd4f6da65421b73d7b901d8881389e5b025cdb3bbb:{RunID:run-persistent-member Step:worker CallOrdinal:0 Attempts:map[]}] attemptOwners:map[]} UsageComplete:true UsageIncompleteReason: Err:team_run_execution_unrecoverable: ERROR: invalid input syntax for type json (SQLSTATE 22P02)}
--- FAIL: TestWorkflowMemberParkKeepsCallAndResumesItsOriginalRunRealPG (0.29s)
=== RUN   TestMemberTerminalAccountingExcludesRegisteredChildOnce
--- PASS: TestMemberTerminalAccountingExcludesRegisteredChildOnce (0.00s)
FAIL
FAIL	github.com/jinyitao123/weave/internal/base/teamrun	1.555s
=== RUN   TestMemberResumeAfterReceiptDoesNotRepeatEffectRealPG
--- PASS: TestMemberResumeAfterReceiptDoesNotRepeatEffectRealPG (0.32s)
=== RUN   TestMemberUnknownToolEffectIsNotReplayedRealPG
--- PASS: TestMemberUnknownToolEffectIsNotReplayedRealPG (0.30s)
=== RUN   TestMemberAdmissionAndCheckpointFenceRealPG
--- PASS: TestMemberAdmissionAndCheckpointFenceRealPG (0.29s)
=== RUN   TestMemberAtomicHistoryFailureStopsBeforeEffectsRealPG
--- PASS: TestMemberAtomicHistoryFailureStopsBeforeEffectsRealPG (0.27s)
=== RUN   TestMemberResumePreservesOriginalToolLoopLimitRealPG
2026/09/07 15:34:22 WARN loom/toolloop: tool budget exhausted, wrapping up max_iterations=3
--- PASS: TestMemberResumePreservesOriginalToolLoopLimitRealPG (0.29s)
PASS
ok  	github.com/jinyitao123/weave/internal/kernel/loomruntime	2.211s
FAIL
