go test ./internal/... ./cmd/...
ok  	github.com/jinyitao123/weave/internal/app/api	7.472s
ok  	github.com/jinyitao123/weave/internal/app/apikeys	4.786s
?   	github.com/jinyitao123/weave/internal/app/attachments	[no test files]
ok  	github.com/jinyitao123/weave/internal/app/bootstrap	2.134s
ok  	github.com/jinyitao123/weave/internal/app/chatrequest	5.439s
ok  	github.com/jinyitao123/weave/internal/app/cli	3.756s
?   	github.com/jinyitao123/weave/internal/app/conversation	[no test files]
ok  	github.com/jinyitao123/weave/internal/app/daemon	2.561s
ok  	github.com/jinyitao123/weave/internal/app/mcpprotocol	(cached)
ok  	github.com/jinyitao123/weave/internal/app/mcpstdio	1.242s
ok  	github.com/jinyitao123/weave/internal/app/metateam	3.501s
?   	github.com/jinyitao123/weave/internal/app/ownermem	[no test files]
?   	github.com/jinyitao123/weave/internal/app/projects	[no test files]
ok  	github.com/jinyitao123/weave/internal/app/teamevaluations	6.050s
ok  	github.com/jinyitao123/weave/internal/app/teamtemplates	3.316s
?   	github.com/jinyitao123/weave/internal/app/users	[no test files]
ok  	github.com/jinyitao123/weave/internal/app/weaveclient	(cached)
?   	github.com/jinyitao123/weave/internal/base/db	[no test files]
?   	github.com/jinyitao123/weave/internal/base/deliverable	[no test files]
?   	github.com/jinyitao123/weave/internal/base/execution	[no test files]
ok  	github.com/jinyitao123/weave/internal/base/fanout	4.962s
?   	github.com/jinyitao123/weave/internal/base/fileartifact	[no test files]
ok  	github.com/jinyitao123/weave/internal/base/frozen	4.343s
?   	github.com/jinyitao123/weave/internal/base/snapshot	[no test files]
?   	github.com/jinyitao123/weave/internal/base/storeext	[no test files]
?   	github.com/jinyitao123/weave/internal/base/streamctx	[no test files]
?   	github.com/jinyitao123/weave/internal/base/taskqueue	[no test files]
ok  	github.com/jinyitao123/weave/internal/base/teamrun	17.830s
?   	github.com/jinyitao123/weave/internal/base/testutil	[no test files]
ok  	github.com/jinyitao123/weave/internal/build/teambuild	7.433s
ok  	github.com/jinyitao123/weave/internal/build/teameval	4.398s
?   	github.com/jinyitao123/weave/internal/build/teameval/gatecodes	[no test files]
ok  	github.com/jinyitao123/weave/internal/build/teamforge	4.647s
ok  	github.com/jinyitao123/weave/internal/build/teamorch	4.827s
?   	github.com/jinyitao123/weave/internal/build/teamrestore	[no test files]
ok  	github.com/jinyitao123/weave/internal/build/teamtemplate	4.019s
?   	github.com/jinyitao123/weave/internal/kernel/audit	[no test files]
ok  	github.com/jinyitao123/weave/internal/kernel/compiler	(cached)
ok  	github.com/jinyitao123/weave/internal/kernel/config	(cached)
?   	github.com/jinyitao123/weave/internal/kernel/credentials	[no test files]
?   	github.com/jinyitao123/weave/internal/kernel/declarative	[no test files]
?   	github.com/jinyitao123/weave/internal/kernel/declarative/designprompt	[no test files]
?   	github.com/jinyitao123/weave/internal/kernel/declarative/schema	[no test files]
?   	github.com/jinyitao123/weave/internal/kernel/delivery	[no test files]
?   	github.com/jinyitao123/weave/internal/kernel/embedder	[no test files]
ok  	github.com/jinyitao123/weave/internal/kernel/engine	(cached)
?   	github.com/jinyitao123/weave/internal/kernel/execenv	[no test files]
?   	github.com/jinyitao123/weave/internal/kernel/freezer	[no test files]
?   	github.com/jinyitao123/weave/internal/kernel/grounding	[no test files]
ok  	github.com/jinyitao123/weave/internal/kernel/llmrouter	(cached)
ok  	github.com/jinyitao123/weave/internal/kernel/loomruntime	6.468s
?   	github.com/jinyitao123/weave/internal/kernel/mcphost	[no test files]
?   	github.com/jinyitao123/weave/internal/kernel/mcpprobe	[no test files]
?   	github.com/jinyitao123/weave/internal/kernel/mcpregistry	[no test files]
?   	github.com/jinyitao123/weave/internal/kernel/memory	[no test files]
ok  	github.com/jinyitao123/weave/internal/kernel/org	(cached)
?   	github.com/jinyitao123/weave/internal/kernel/otel	[no test files]
?   	github.com/jinyitao123/weave/internal/kernel/registry	[no test files]
?   	github.com/jinyitao123/weave/internal/kernel/revocation	[no test files]
ok  	github.com/jinyitao123/weave/internal/kernel/runtimellm	4.222s
ok  	github.com/jinyitao123/weave/internal/kernel/runtimes	17.484s
ok  	github.com/jinyitao123/weave/internal/kernel/schedule	(cached)
ok  	github.com/jinyitao123/weave/internal/kernel/secret	(cached)
?   	github.com/jinyitao123/weave/internal/kernel/sessionexec	[no test files]
?   	github.com/jinyitao123/weave/internal/kernel/skills	[no test files]
?   	github.com/jinyitao123/weave/internal/kernel/teamcompiler	[no test files]
ok  	github.com/jinyitao123/weave/internal/kernel/workflow	4.450s
ok  	github.com/jinyitao123/weave/internal/kernel/workflow/machine	(cached)
ok  	github.com/jinyitao123/weave/internal/kernel/workflowhealth	(cached)
ok  	github.com/jinyitao123/weave/cmd/weave	4.386s
./scripts/depguard.sh
depguard baseline: exact upward edges 11/11
internal/base/teamrun/checkpoint.go: base cannot import kernel: github.com/jinyitao123/weave/internal/kernel/loomruntime
internal/base/teamrun/failure.go: base cannot import kernel: github.com/jinyitao123/weave/internal/kernel/loomruntime
internal/base/teamrun/member_recovery_pg_test.go: base cannot import kernel: github.com/jinyitao123/weave/internal/kernel/loomruntime
internal/base/teamrun/stage_retry.go: base cannot import kernel: github.com/jinyitao123/weave/internal/kernel/loomruntime
internal/base/teamrun/workflow_member.go: base cannot import kernel: github.com/jinyitao123/weave/internal/kernel/compiler
internal/base/teamrun/workflow_member.go: base cannot import kernel: github.com/jinyitao123/weave/internal/kernel/loomruntime
internal/base/teamrun/workflow_member.go: base cannot import kernel: github.com/jinyitao123/weave/internal/kernel/workflow
internal/base/teamrun/workflow_member_pg_test.go: base cannot import kernel: github.com/jinyitao123/weave/internal/kernel/compiler
internal/base/teamrun/workflow_member_pg_test.go: base cannot import kernel: github.com/jinyitao123/weave/internal/kernel/loomruntime
internal/base/teamrun/workflow_member_pg_test.go: base cannot import kernel: github.com/jinyitao123/weave/internal/kernel/workflow
internal/base/teamrun/workflow_member_pg_test.go: base cannot import kernel: github.com/jinyitao123/weave/internal/kernel/workflow/machine
make: *** [depguard] Error 1
