$ tsx scripts/run-gates.ts doc-sync
run-gates: doc-sync running 30 gate(s) with 4 worker(s) from 10 available CPU(s), doc-sync cap 4.
run-gates: start doc-typecheck
run-gates: start doc graphs
run-gates: start markdown links
run-gates: start type equivalence
run-gates: PASS type equivalence (1078.24s)
run-gates: start cordis catalog
run-gates: PASS markdown links (1082.88s)
run-gates: start Cordis inspect catalog
run-gates: PASS doc-typecheck (1096.34s)
run-gates: start verify-mermaid
run-gates: PASS Cordis inspect catalog (14.08s)
run-gates: start scoped events
run-gates: PASS doc graphs (1103.92s)
run-gates: start translation pairing
run-gates: PASS cordis catalog (34.12s)
run-gates: start markdown wrap
run-gates: PASS verify-mermaid (924.08s)
run-gates: start client catalog
run-gates: PASS scoped events (1945.21s)
run-gates: start export jsdoc
run-gates: PASS markdown wrap (1930.33s)
run-gates: start tool catalog
run-gates: PASS client catalog (1022.80s)
run-gates: start config catalog
run-gates: PASS tool catalog (1.47s)
run-gates: start persistence catalog

== FAILED config catalog (1.15s) ==
command: pnpm run verify-config-catalog
outcome: exit 1
$ tsx scripts/gen-config-catalog.ts --check
gen-config-catalog: docs/config-catalog.md is stale. Run `pnpm run gen-config-catalog` and commit docs/config-catalog.md.
[ELIFECYCLE] Command failed with exit code 1.
run-gates: start public repository links
run-gates: PASS export jsdoc (2.95s)
run-gates: start doc refs

== FAILED persistence catalog (1.08s) ==
command: pnpm run verify-persistence-catalog
outcome: exit 1
$ tsx scripts/gen-persistence-catalog.ts --check
gen-persistence-catalog: docs/persistence-catalog.md stale. Run `pnpm run gen-persistence-catalog` and commit the result.
[ELIFECYCLE] Command failed with exit code 1.
run-gates: start subsystem pages
run-gates: PASS public repository links (1.38s)
run-gates: start package paths
run-gates: PASS subsystem pages (0.58s)
run-gates: start tsconfig paths
run-gates: PASS doc refs (0.71s)
run-gates: start config source ownership
run-gates: PASS config source ownership (0.39s)
run-gates: start package README model experience
run-gates: PASS tsconfig paths (0.41s)
run-gates: start agent note classification
run-gates: PASS translation pairing (1942.49s)
run-gates: start agent note format
run-gates: PASS package paths (0.78s)
run-gates: start archived agent notes
run-gates: PASS agent note classification (959.34s)
run-gates: start skill invocation metadata
run-gates: PASS agent note format (959.37s)
run-gates: start translation prompt
run-gates: PASS archived agent notes (959.34s)
run-gates: start doc budgets
run-gates: PASS skill invocation metadata (0.43s)
run-gates: start documentation standard tests
run-gates: PASS translation prompt (0.42s)
run-gates: start package README limitations
run-gates: PASS doc budgets (0.43s)
run-gates: PASS documentation standard tests (0.96s)
run-gates: PASS package README model experience (961.34s)
run-gates: PASS package README limitations (2.20s)

run-gates: 28 passed, 2 failed, 0 skipped in 4008.41s.
run-gates: unsuccessful gates:
  - FAILED config catalog (1.15s, exit 1)
    pnpm run verify-config-catalog
  - FAILED persistence catalog (1.08s, exit 1)
    pnpm run verify-persistence-catalog
[ELIFECYCLE] Command failed with exit code 1.
