2026/09/07 17:04:43 INFO session execution background workers started
2026/09/07 17:04:43 INFO team run background workers started
2026/09/07 17:04:43 ERROR workflow fanout reconciler iteration failed error="workflow fanout reconciler dependencies are unavailable"
⇨ http server started on [::]:59314
2026/09/07 17:04:45 ERROR workflow fanout reconciler iteration failed error="workflow fanout reconciler dependencies are unavailable"
2026/09/07 17:04:47 ERROR workflow fanout reconciler iteration failed error="workflow fanout reconciler dependencies are unavailable"
2026/09/07 17:04:49 ERROR workflow fanout reconciler iteration failed error="workflow fanout reconciler dependencies are unavailable"
2026/09/07 17:04:51 ERROR workflow fanout reconciler iteration failed error="workflow fanout reconciler dependencies are unavailable"
2026/09/07 17:04:53 ERROR workflow fanout reconciler iteration failed error="workflow fanout reconciler dependencies are unavailable"
2026/09/07 17:04:55 ERROR workflow fanout reconciler iteration failed error="workflow fanout reconciler dependencies are unavailable"
2026/09/07 17:04:57 ERROR workflow fanout reconciler iteration failed error="workflow fanout reconciler dependencies are unavailable"
2026/09/07 17:04:59 ERROR workflow fanout reconciler iteration failed error="workflow fanout reconciler dependencies are unavailable"
2026/09/07 17:05:01 ERROR workflow fanout reconciler iteration failed error="workflow fanout reconciler dependencies are unavailable"
2026/09/07 17:05:03 ERROR workflow fanout reconciler iteration failed error="workflow fanout reconciler dependencies are unavailable"
2026/09/07 17:05:05 ERROR workflow fanout reconciler iteration failed error="workflow fanout reconciler dependencies are unavailable"
2026/09/07 17:05:07 ERROR workflow fanout reconciler iteration failed error="workflow fanout reconciler dependencies are unavailable"
2026/09/07 17:05:09 ERROR workflow fanout reconciler iteration failed error="workflow fanout reconciler dependencies are unavailable"
2026/09/07 17:05:11 ERROR workflow fanout reconciler iteration failed error="workflow fanout reconciler dependencies are unavailable"
2026/09/07 17:05:13 ERROR workflow fanout reconciler iteration failed error="workflow fanout reconciler dependencies are unavailable"
2026/09/07 17:05:15 ERROR workflow fanout reconciler iteration failed error="workflow fanout reconciler dependencies are unavailable"
2026/09/07 17:05:17 ERROR workflow fanout reconciler iteration failed error="workflow fanout reconciler dependencies are unavailable"
2026/09/07 17:05:19 ERROR workflow fanout reconciler iteration failed error="workflow fanout reconciler dependencies are unavailable"
2026/09/07 17:05:21 ERROR workflow fanout reconciler iteration failed error="workflow fanout reconciler dependencies are unavailable"
2026/09/07 17:05:23 ERROR workflow fanout reconciler iteration failed error="workflow fanout reconciler dependencies are unavailable"
2026/09/07 17:05:25 ERROR workflow fanout reconciler iteration failed error="workflow fanout reconciler dependencies are unavailable"
2026/09/07 17:05:27 ERROR workflow fanout reconciler iteration failed error="workflow fanout reconciler dependencies are unavailable"
2026/09/07 17:05:29 ERROR workflow fanout reconciler iteration failed error="workflow fanout reconciler dependencies are unavailable"
2026/09/07 17:05:31 ERROR workflow fanout reconciler iteration failed error="workflow fanout reconciler dependencies are unavailable"
2026/09/07 17:05:33 ERROR workflow fanout reconciler iteration failed error="workflow fanout reconciler dependencies are unavailable"
2026/09/07 17:05:35 ERROR workflow fanout reconciler iteration failed error="workflow fanout reconciler dependencies are unavailable"
2026/09/07 17:05:37 ERROR workflow fanout reconciler iteration failed error="workflow fanout reconciler dependencies are unavailable"
2026/09/07 17:05:39 ERROR workflow fanout reconciler iteration failed error="workflow fanout reconciler dependencies are unavailable"
2026/09/07 17:05:41 ERROR workflow fanout reconciler iteration failed error="workflow fanout reconciler dependencies are unavailable"
2026/09/07 17:05:43 ERROR workflow fanout reconciler iteration failed error="workflow fanout reconciler dependencies are unavailable"
2026/09/07 17:05:45 ERROR workflow fanout reconciler iteration failed error="workflow fanout reconciler dependencies are unavailable"
2026/09/07 17:05:47 ERROR workflow fanout reconciler iteration failed error="workflow fanout reconciler dependencies are unavailable"
2026/09/07 17:05:49 ERROR workflow fanout reconciler iteration failed error="workflow fanout reconciler dependencies are unavailable"
2026/09/07 17:05:51 ERROR workflow fanout reconciler iteration failed error="workflow fanout reconciler dependencies are unavailable"
2026/09/07 17:05:53 ERROR workflow fanout reconciler iteration failed error="workflow fanout reconciler dependencies are unavailable"
2026/09/07 17:05:55 ERROR workflow fanout reconciler iteration failed error="workflow fanout reconciler dependencies are unavailable"
2026/09/07 17:05:57 ERROR workflow fanout reconciler iteration failed error="workflow fanout reconciler dependencies are unavailable"
2026/09/07 17:05:59 ERROR workflow fanout reconciler iteration failed error="workflow fanout reconciler dependencies are unavailable"
2026/09/07 17:06:01 ERROR workflow fanout reconciler iteration failed error="workflow fanout reconciler dependencies are unavailable"
2026/09/07 17:06:03 ERROR workflow fanout reconciler iteration failed error="workflow fanout reconciler dependencies are unavailable"
2026/09/07 17:06:05 ERROR workflow fanout reconciler iteration failed error="workflow fanout reconciler dependencies are unavailable"
2026/09/07 17:06:07 ERROR workflow fanout reconciler iteration failed error="workflow fanout reconciler dependencies are unavailable"
2026/09/07 17:06:09 ERROR workflow fanout reconciler iteration failed error="workflow fanout reconciler dependencies are unavailable"
2026/09/07 17:06:11 ERROR workflow fanout reconciler iteration failed error="workflow fanout reconciler dependencies are unavailable"
2026/09/07 17:06:13 ERROR workflow fanout reconciler iteration failed error="workflow fanout reconciler dependencies are unavailable"
2026/09/07 17:06:15 ERROR workflow fanout reconciler iteration failed error="workflow fanout reconciler dependencies are unavailable"
{"time":"2026-09-07T17:06:17.4143+08:00","id":"gfDaJYrsUUzeFRLqJGZKjTpkDjwtBdgE","remote_ip":"127.0.0.1","host":"127.0.0.1:59314","method":"GET","uri":"/v1/health","user_agent":"curl/8.7.1","status":200,"error":"","latency":294584,"latency_human":"294.584µs","bytes_in":0,"bytes_out":65}
2026/09/07 17:06:17 ERROR workflow fanout reconciler iteration failed error="workflow fanout reconciler dependencies are unavailable"
2026/09/07 17:06:19 ERROR workflow fanout reconciler iteration failed error="workflow fanout reconciler dependencies are unavailable"
2026/09/07 17:06:21 ERROR workflow fanout reconciler iteration failed error="workflow fanout reconciler dependencies are unavailable"
2026/09/07 17:06:23 ERROR workflow fanout reconciler iteration failed error="workflow fanout reconciler dependencies are unavailable"
2026/09/07 17:06:25 ERROR workflow fanout reconciler iteration failed error="workflow fanout reconciler dependencies are unavailable"
2026/09/07 17:06:27 ERROR workflow fanout reconciler iteration failed error="workflow fanout reconciler dependencies are unavailable"
2026/09/07 17:06:29 ERROR workflow fanout reconciler iteration failed error="workflow fanout reconciler dependencies are unavailable"
2026/09/07 17:06:31 ERROR workflow fanout reconciler iteration failed error="workflow fanout reconciler dependencies are unavailable"
2026/09/07 17:06:33 ERROR workflow fanout reconciler iteration failed error="workflow fanout reconciler dependencies are unavailable"
2026/09/07 17:06:35 ERROR workflow fanout reconciler iteration failed error="workflow fanout reconciler dependencies are unavailable"
2026/09/07 17:06:37 ERROR workflow fanout reconciler iteration failed error="workflow fanout reconciler dependencies are unavailable"
2026/09/07 17:06:39 ERROR workflow fanout reconciler iteration failed error="workflow fanout reconciler dependencies are unavailable"
2026/09/07 17:06:41 ERROR workflow fanout reconciler iteration failed error="workflow fanout reconciler dependencies are unavailable"
2026/09/07 17:06:43 ERROR workflow fanout reconciler iteration failed error="workflow fanout reconciler dependencies are unavailable"
2026/09/07 17:06:45 ERROR workflow fanout reconciler iteration failed error="workflow fanout reconciler dependencies are unavailable"
2026/09/07 17:06:47 ERROR workflow fanout reconciler iteration failed error="workflow fanout reconciler dependencies are unavailable"
2026/09/07 17:06:49 ERROR workflow fanout reconciler iteration failed error="workflow fanout reconciler dependencies are unavailable"
2026/09/07 17:06:51 ERROR workflow fanout reconciler iteration failed error="workflow fanout reconciler dependencies are unavailable"
2026/09/07 17:06:53 ERROR workflow fanout reconciler iteration failed error="workflow fanout reconciler dependencies are unavailable"
2026/09/07 17:06:55 ERROR workflow fanout reconciler iteration failed error="workflow fanout reconciler dependencies are unavailable"
2026/09/07 17:06:57 ERROR workflow fanout reconciler iteration failed error="workflow fanout reconciler dependencies are unavailable"
2026/09/07 17:07:00 ERROR workflow fanout reconciler iteration failed error="workflow fanout reconciler dependencies are unavailable"
2026/09/07 17:07:02 ERROR workflow fanout reconciler iteration failed error="workflow fanout reconciler dependencies are unavailable"
2026/09/07 17:07:04 ERROR workflow fanout reconciler iteration failed error="workflow fanout reconciler dependencies are unavailable"
2026/09/07 17:07:06 ERROR workflow fanout reconciler iteration failed error="workflow fanout reconciler dependencies are unavailable"
2026/09/07 17:07:08 ERROR workflow fanout reconciler iteration failed error="workflow fanout reconciler dependencies are unavailable"
2026/09/07 17:07:10 ERROR workflow fanout reconciler iteration failed error="workflow fanout reconciler dependencies are unavailable"
2026/09/07 17:07:12 ERROR workflow fanout reconciler iteration failed error="workflow fanout reconciler dependencies are unavailable"
2026/09/07 17:07:14 ERROR workflow fanout reconciler iteration failed error="workflow fanout reconciler dependencies are unavailable"
2026/09/07 17:07:16 ERROR workflow fanout reconciler iteration failed error="workflow fanout reconciler dependencies are unavailable"
2026/09/07 17:07:18 ERROR workflow fanout reconciler iteration failed error="workflow fanout reconciler dependencies are unavailable"
2026/09/07 17:07:20 ERROR workflow fanout reconciler iteration failed error="workflow fanout reconciler dependencies are unavailable"
2026/09/07 17:07:22 ERROR workflow fanout reconciler iteration failed error="workflow fanout reconciler dependencies are unavailable"
2026/09/07 17:07:24 ERROR workflow fanout reconciler iteration failed error="workflow fanout reconciler dependencies are unavailable"
2026/09/07 17:07:26 ERROR workflow fanout reconciler iteration failed error="workflow fanout reconciler dependencies are unavailable"
2026/09/07 17:07:28 ERROR workflow fanout reconciler iteration failed error="workflow fanout reconciler dependencies are unavailable"
2026/09/07 17:07:30 ERROR workflow fanout reconciler iteration failed error="workflow fanout reconciler dependencies are unavailable"
2026/09/07 17:07:32 ERROR workflow fanout reconciler iteration failed error="workflow fanout reconciler dependencies are unavailable"
2026/09/07 17:07:34 ERROR workflow fanout reconciler iteration failed error="workflow fanout reconciler dependencies are unavailable"
2026/09/07 17:07:36 ERROR workflow fanout reconciler iteration failed error="workflow fanout reconciler dependencies are unavailable"
2026/09/07 17:07:38 ERROR workflow fanout reconciler iteration failed error="workflow fanout reconciler dependencies are unavailable"
2026/09/07 17:07:40 ERROR workflow fanout reconciler iteration failed error="workflow fanout reconciler dependencies are unavailable"
2026/09/07 17:07:42 ERROR workflow fanout reconciler iteration failed error="workflow fanout reconciler dependencies are unavailable"
2026/09/07 17:07:44 ERROR workflow fanout reconciler iteration failed error="workflow fanout reconciler dependencies are unavailable"
2026/09/07 17:07:46 ERROR workflow fanout reconciler iteration failed error="workflow fanout reconciler dependencies are unavailable"
2026/09/07 17:07:48 ERROR workflow fanout reconciler iteration failed error="workflow fanout reconciler dependencies are unavailable"
2026/09/07 17:07:50 ERROR workflow fanout reconciler iteration failed error="workflow fanout reconciler dependencies are unavailable"
2026/09/07 17:07:52 ERROR workflow fanout reconciler iteration failed error="workflow fanout reconciler dependencies are unavailable"
2026/09/07 17:07:54 ERROR workflow fanout reconciler iteration failed error="workflow fanout reconciler dependencies are unavailable"
2026/09/07 17:07:56 ERROR workflow fanout reconciler iteration failed error="workflow fanout reconciler dependencies are unavailable"
2026/09/07 17:07:58 ERROR workflow fanout reconciler iteration failed error="workflow fanout reconciler dependencies are unavailable"
2026/09/07 17:08:00 ERROR workflow fanout reconciler iteration failed error="workflow fanout reconciler dependencies are unavailable"
2026/09/07 17:08:02 ERROR workflow fanout reconciler iteration failed error="workflow fanout reconciler dependencies are unavailable"
2026/09/07 17:08:04 ERROR workflow fanout reconciler iteration failed error="workflow fanout reconciler dependencies are unavailable"
2026/09/07 17:08:06 ERROR workflow fanout reconciler iteration failed error="workflow fanout reconciler dependencies are unavailable"
2026/09/07 17:08:08 ERROR workflow fanout reconciler iteration failed error="workflow fanout reconciler dependencies are unavailable"
2026/09/07 17:08:10 ERROR workflow fanout reconciler iteration failed error="workflow fanout reconciler dependencies are unavailable"
2026/09/07 17:08:12 ERROR workflow fanout reconciler iteration failed error="workflow fanout reconciler dependencies are unavailable"
2026/09/07 17:08:14 ERROR workflow fanout reconciler iteration failed error="workflow fanout reconciler dependencies are unavailable"
2026/09/07 17:08:16 ERROR workflow fanout reconciler iteration failed error="workflow fanout reconciler dependencies are unavailable"
2026/09/07 17:08:18 ERROR workflow fanout reconciler iteration failed error="workflow fanout reconciler dependencies are unavailable"
2026/09/07 17:08:20 ERROR workflow fanout reconciler iteration failed error="workflow fanout reconciler dependencies are unavailable"
2026/09/07 17:08:22 ERROR workflow fanout reconciler iteration failed error="workflow fanout reconciler dependencies are unavailable"
2026/09/07 17:08:24 ERROR workflow fanout reconciler iteration failed error="workflow fanout reconciler dependencies are unavailable"
2026/09/07 17:08:26 ERROR workflow fanout reconciler iteration failed error="workflow fanout reconciler dependencies are unavailable"
2026/09/07 17:08:28 ERROR workflow fanout reconciler iteration failed error="workflow fanout reconciler dependencies are unavailable"
2026/09/07 17:08:30 ERROR workflow fanout reconciler iteration failed error="workflow fanout reconciler dependencies are unavailable"
2026/09/07 17:08:32 ERROR workflow fanout reconciler iteration failed error="workflow fanout reconciler dependencies are unavailable"
2026/09/07 17:08:34 ERROR workflow fanout reconciler iteration failed error="workflow fanout reconciler dependencies are unavailable"
2026/09/07 17:08:36 ERROR workflow fanout reconciler iteration failed error="workflow fanout reconciler dependencies are unavailable"
2026/09/07 17:08:38 ERROR workflow fanout reconciler iteration failed error="workflow fanout reconciler dependencies are unavailable"
2026/09/07 17:08:40 ERROR workflow fanout reconciler iteration failed error="workflow fanout reconciler dependencies are unavailable"
2026/09/07 17:08:42 ERROR workflow fanout reconciler iteration failed error="workflow fanout reconciler dependencies are unavailable"
2026/09/07 17:08:44 ERROR workflow fanout reconciler iteration failed error="workflow fanout reconciler dependencies are unavailable"
2026/09/07 17:08:46 ERROR workflow fanout reconciler iteration failed error="workflow fanout reconciler dependencies are unavailable"
2026/09/07 17:08:48 ERROR workflow fanout reconciler iteration failed error="workflow fanout reconciler dependencies are unavailable"
2026/09/07 17:08:50 ERROR workflow fanout reconciler iteration failed error="workflow fanout reconciler dependencies are unavailable"
2026/09/07 17:08:52 ERROR workflow fanout reconciler iteration failed error="workflow fanout reconciler dependencies are unavailable"
2026/09/07 17:08:54 ERROR workflow fanout reconciler iteration failed error="workflow fanout reconciler dependencies are unavailable"
2026/09/07 17:08:56 ERROR workflow fanout reconciler iteration failed error="workflow fanout reconciler dependencies are unavailable"
2026/09/07 17:08:58 ERROR workflow fanout reconciler iteration failed error="workflow fanout reconciler dependencies are unavailable"
2026/09/07 17:09:00 ERROR workflow fanout reconciler iteration failed error="workflow fanout reconciler dependencies are unavailable"
2026/09/07 17:09:02 ERROR workflow fanout reconciler iteration failed error="workflow fanout reconciler dependencies are unavailable"
2026/09/07 17:09:04 ERROR workflow fanout reconciler iteration failed error="workflow fanout reconciler dependencies are unavailable"
2026/09/07 17:09:06 ERROR workflow fanout reconciler iteration failed error="workflow fanout reconciler dependencies are unavailable"
2026/09/07 17:09:08 ERROR workflow fanout reconciler iteration failed error="workflow fanout reconciler dependencies are unavailable"
2026/09/07 17:09:10 ERROR workflow fanout reconciler iteration failed error="workflow fanout reconciler dependencies are unavailable"
2026/09/07 17:09:12 ERROR workflow fanout reconciler iteration failed error="workflow fanout reconciler dependencies are unavailable"
2026/09/07 17:09:14 ERROR workflow fanout reconciler iteration failed error="workflow fanout reconciler dependencies are unavailable"
2026/09/07 17:09:16 ERROR workflow fanout reconciler iteration failed error="workflow fanout reconciler dependencies are unavailable"
2026/09/07 17:09:18 ERROR workflow fanout reconciler iteration failed error="workflow fanout reconciler dependencies are unavailable"
2026/09/07 17:09:20 ERROR workflow fanout reconciler iteration failed error="workflow fanout reconciler dependencies are unavailable"
2026/09/07 17:09:22 ERROR workflow fanout reconciler iteration failed error="workflow fanout reconciler dependencies are unavailable"
2026/09/07 17:09:24 ERROR workflow fanout reconciler iteration failed error="workflow fanout reconciler dependencies are unavailable"
2026/09/07 17:09:26 ERROR workflow fanout reconciler iteration failed error="workflow fanout reconciler dependencies are unavailable"
2026/09/07 17:09:28 ERROR workflow fanout reconciler iteration failed error="workflow fanout reconciler dependencies are unavailable"
2026/09/07 17:09:30 ERROR workflow fanout reconciler iteration failed error="workflow fanout reconciler dependencies are unavailable"
2026/09/07 17:09:32 ERROR workflow fanout reconciler iteration failed error="workflow fanout reconciler dependencies are unavailable"
2026/09/07 17:09:34 ERROR workflow fanout reconciler iteration failed error="workflow fanout reconciler dependencies are unavailable"
2026/09/07 17:09:36 ERROR workflow fanout reconciler iteration failed error="workflow fanout reconciler dependencies are unavailable"
2026/09/07 17:09:38 ERROR workflow fanout reconciler iteration failed error="workflow fanout reconciler dependencies are unavailable"
2026/09/07 17:09:40 ERROR workflow fanout reconciler iteration failed error="workflow fanout reconciler dependencies are unavailable"
2026/09/07 17:09:42 ERROR workflow fanout reconciler iteration failed error="workflow fanout reconciler dependencies are unavailable"
2026/09/07 17:09:44 ERROR workflow fanout reconciler iteration failed error="workflow fanout reconciler dependencies are unavailable"
2026/09/07 17:09:46 ERROR workflow fanout reconciler iteration failed error="workflow fanout reconciler dependencies are unavailable"
2026/09/07 17:09:48 ERROR workflow fanout reconciler iteration failed error="workflow fanout reconciler dependencies are unavailable"
2026/09/07 17:09:50 ERROR workflow fanout reconciler iteration failed error="workflow fanout reconciler dependencies are unavailable"
2026/09/07 17:09:52 ERROR workflow fanout reconciler iteration failed error="workflow fanout reconciler dependencies are unavailable"
2026/09/07 17:09:54 ERROR workflow fanout reconciler iteration failed error="workflow fanout reconciler dependencies are unavailable"
2026/09/07 17:09:56 ERROR workflow fanout reconciler iteration failed error="workflow fanout reconciler dependencies are unavailable"
2026/09/07 17:09:58 ERROR workflow fanout reconciler iteration failed error="workflow fanout reconciler dependencies are unavailable"
2026/09/07 17:10:00 ERROR workflow fanout reconciler iteration failed error="workflow fanout reconciler dependencies are unavailable"
2026/09/07 17:10:02 ERROR workflow fanout reconciler iteration failed error="workflow fanout reconciler dependencies are unavailable"
2026/09/07 17:10:04 ERROR workflow fanout reconciler iteration failed error="workflow fanout reconciler dependencies are unavailable"
2026/09/07 17:10:06 ERROR workflow fanout reconciler iteration failed error="workflow fanout reconciler dependencies are unavailable"
2026/09/07 17:10:08 ERROR workflow fanout reconciler iteration failed error="workflow fanout reconciler dependencies are unavailable"
2026/09/07 17:10:10 ERROR workflow fanout reconciler iteration failed error="workflow fanout reconciler dependencies are unavailable"
2026/09/07 17:10:12 ERROR workflow fanout reconciler iteration failed error="workflow fanout reconciler dependencies are unavailable"
2026/09/07 17:10:14 ERROR workflow fanout reconciler iteration failed error="workflow fanout reconciler dependencies are unavailable"
2026/09/07 17:10:16 ERROR workflow fanout reconciler iteration failed error="workflow fanout reconciler dependencies are unavailable"
2026/09/07 17:10:18 ERROR workflow fanout reconciler iteration failed error="workflow fanout reconciler dependencies are unavailable"
2026/09/07 17:10:20 ERROR workflow fanout reconciler iteration failed error="workflow fanout reconciler dependencies are unavailable"
2026/09/07 17:10:22 ERROR workflow fanout reconciler iteration failed error="workflow fanout reconciler dependencies are unavailable"
2026/09/07 17:10:24 ERROR workflow fanout reconciler iteration failed error="workflow fanout reconciler dependencies are unavailable"
2026/09/07 17:10:26 ERROR workflow fanout reconciler iteration failed error="workflow fanout reconciler dependencies are unavailable"
2026/09/07 17:10:28 ERROR workflow fanout reconciler iteration failed error="workflow fanout reconciler dependencies are unavailable"
2026/09/07 17:10:30 ERROR workflow fanout reconciler iteration failed error="workflow fanout reconciler dependencies are unavailable"
2026/09/07 17:10:32 ERROR workflow fanout reconciler iteration failed error="workflow fanout reconciler dependencies are unavailable"
2026/09/07 17:10:34 ERROR workflow fanout reconciler iteration failed error="workflow fanout reconciler dependencies are unavailable"
2026/09/07 17:10:36 ERROR workflow fanout reconciler iteration failed error="workflow fanout reconciler dependencies are unavailable"
2026/09/07 17:10:38 ERROR workflow fanout reconciler iteration failed error="workflow fanout reconciler dependencies are unavailable"
2026/09/07 17:10:40 ERROR workflow fanout reconciler iteration failed error="workflow fanout reconciler dependencies are unavailable"
2026/09/07 17:10:42 ERROR workflow fanout reconciler iteration failed error="workflow fanout reconciler dependencies are unavailable"
2026/09/07 17:10:44 ERROR workflow fanout reconciler iteration failed error="workflow fanout reconciler dependencies are unavailable"
2026/09/07 17:10:46 ERROR workflow fanout reconciler iteration failed error="workflow fanout reconciler dependencies are unavailable"
2026/09/07 17:10:48 ERROR workflow fanout reconciler iteration failed error="workflow fanout reconciler dependencies are unavailable"
2026/09/07 17:10:50 ERROR workflow fanout reconciler iteration failed error="workflow fanout reconciler dependencies are unavailable"
2026/09/07 17:10:52 ERROR workflow fanout reconciler iteration failed error="workflow fanout reconciler dependencies are unavailable"
2026/09/07 17:10:54 ERROR workflow fanout reconciler iteration failed error="workflow fanout reconciler dependencies are unavailable"
2026/09/07 17:10:56 ERROR workflow fanout reconciler iteration failed error="workflow fanout reconciler dependencies are unavailable"
2026/09/07 17:10:58 ERROR workflow fanout reconciler iteration failed error="workflow fanout reconciler dependencies are unavailable"
2026/09/07 17:11:00 ERROR workflow fanout reconciler iteration failed error="workflow fanout reconciler dependencies are unavailable"
2026/09/07 17:11:02 ERROR workflow fanout reconciler iteration failed error="workflow fanout reconciler dependencies are unavailable"
2026/09/07 17:11:04 ERROR workflow fanout reconciler iteration failed error="workflow fanout reconciler dependencies are unavailable"
2026/09/07 17:11:06 ERROR workflow fanout reconciler iteration failed error="workflow fanout reconciler dependencies are unavailable"
2026/09/07 17:11:08 ERROR workflow fanout reconciler iteration failed error="workflow fanout reconciler dependencies are unavailable"
2026/09/07 17:11:10 ERROR workflow fanout reconciler iteration failed error="workflow fanout reconciler dependencies are unavailable"
2026/09/07 17:11:12 ERROR workflow fanout reconciler iteration failed error="workflow fanout reconciler dependencies are unavailable"
2026/09/07 17:11:14 ERROR workflow fanout reconciler iteration failed error="workflow fanout reconciler dependencies are unavailable"
2026/09/07 17:11:16 ERROR workflow fanout reconciler iteration failed error="workflow fanout reconciler dependencies are unavailable"
2026/09/07 17:11:18 ERROR workflow fanout reconciler iteration failed error="workflow fanout reconciler dependencies are unavailable"
2026/09/07 17:11:20 ERROR workflow fanout reconciler iteration failed error="workflow fanout reconciler dependencies are unavailable"
2026/09/07 17:11:22 ERROR workflow fanout reconciler iteration failed error="workflow fanout reconciler dependencies are unavailable"
2026/09/07 17:11:24 ERROR workflow fanout reconciler iteration failed error="workflow fanout reconciler dependencies are unavailable"
2026/09/07 17:11:26 ERROR workflow fanout reconciler iteration failed error="workflow fanout reconciler dependencies are unavailable"
2026/09/07 17:11:28 ERROR workflow fanout reconciler iteration failed error="workflow fanout reconciler dependencies are unavailable"
2026/09/07 17:11:30 ERROR workflow fanout reconciler iteration failed error="workflow fanout reconciler dependencies are unavailable"
2026/09/07 17:11:32 ERROR workflow fanout reconciler iteration failed error="workflow fanout reconciler dependencies are unavailable"
2026/09/07 17:11:34 ERROR workflow fanout reconciler iteration failed error="workflow fanout reconciler dependencies are unavailable"
2026/09/07 17:11:36 ERROR workflow fanout reconciler iteration failed error="workflow fanout reconciler dependencies are unavailable"
2026/09/07 17:11:38 ERROR workflow fanout reconciler iteration failed error="workflow fanout reconciler dependencies are unavailable"
2026/09/07 17:11:40 ERROR workflow fanout reconciler iteration failed error="workflow fanout reconciler dependencies are unavailable"
2026/09/07 17:11:42 ERROR workflow fanout reconciler iteration failed error="workflow fanout reconciler dependencies are unavailable"
2026/09/07 17:11:44 ERROR workflow fanout reconciler iteration failed error="workflow fanout reconciler dependencies are unavailable"
2026/09/07 17:11:46 ERROR workflow fanout reconciler iteration failed error="workflow fanout reconciler dependencies are unavailable"
2026/09/07 17:11:48 ERROR workflow fanout reconciler iteration failed error="workflow fanout reconciler dependencies are unavailable"
2026/09/07 17:11:50 ERROR workflow fanout reconciler iteration failed error="workflow fanout reconciler dependencies are unavailable"
2026/09/07 17:11:52 ERROR workflow fanout reconciler iteration failed error="workflow fanout reconciler dependencies are unavailable"
2026/09/07 17:11:54 ERROR workflow fanout reconciler iteration failed error="workflow fanout reconciler dependencies are unavailable"
2026/09/07 17:11:56 ERROR workflow fanout reconciler iteration failed error="workflow fanout reconciler dependencies are unavailable"
2026/09/07 17:11:58 ERROR workflow fanout reconciler iteration failed error="workflow fanout reconciler dependencies are unavailable"
2026/09/07 17:12:00 ERROR workflow fanout reconciler iteration failed error="workflow fanout reconciler dependencies are unavailable"
2026/09/07 17:12:02 ERROR workflow fanout reconciler iteration failed error="workflow fanout reconciler dependencies are unavailable"
2026/09/07 17:12:04 ERROR workflow fanout reconciler iteration failed error="workflow fanout reconciler dependencies are unavailable"
2026/09/07 17:12:06 ERROR workflow fanout reconciler iteration failed error="workflow fanout reconciler dependencies are unavailable"
2026/09/07 17:12:08 ERROR workflow fanout reconciler iteration failed error="workflow fanout reconciler dependencies are unavailable"
2026/09/07 17:12:10 ERROR workflow fanout reconciler iteration failed error="workflow fanout reconciler dependencies are unavailable"
2026/09/07 17:12:12 ERROR workflow fanout reconciler iteration failed error="workflow fanout reconciler dependencies are unavailable"
2026/09/07 17:12:14 ERROR workflow fanout reconciler iteration failed error="workflow fanout reconciler dependencies are unavailable"
2026/09/07 17:12:16 ERROR workflow fanout reconciler iteration failed error="workflow fanout reconciler dependencies are unavailable"
2026/09/07 17:12:18 ERROR workflow fanout reconciler iteration failed error="workflow fanout reconciler dependencies are unavailable"
2026/09/07 17:12:20 ERROR workflow fanout reconciler iteration failed error="workflow fanout reconciler dependencies are unavailable"
2026/09/07 17:12:22 ERROR workflow fanout reconciler iteration failed error="workflow fanout reconciler dependencies are unavailable"
2026/09/07 17:12:24 ERROR workflow fanout reconciler iteration failed error="workflow fanout reconciler dependencies are unavailable"
2026/09/07 17:12:26 ERROR workflow fanout reconciler iteration failed error="workflow fanout reconciler dependencies are unavailable"
2026/09/07 17:12:28 ERROR workflow fanout reconciler iteration failed error="workflow fanout reconciler dependencies are unavailable"
2026/09/07 17:12:30 ERROR workflow fanout reconciler iteration failed error="workflow fanout reconciler dependencies are unavailable"
2026/09/07 17:12:32 ERROR workflow fanout reconciler iteration failed error="workflow fanout reconciler dependencies are unavailable"
2026/09/07 17:12:34 ERROR workflow fanout reconciler iteration failed error="workflow fanout reconciler dependencies are unavailable"
2026/09/07 17:12:36 ERROR workflow fanout reconciler iteration failed error="workflow fanout reconciler dependencies are unavailable"
2026/09/07 17:12:37 INFO team run background workers stopped
2026/09/07 17:12:37 INFO session execution background workers stopped
