docker.io/acciolyk/accio_bench@sha256:1e9cf5c72a56794175b7d06ece036b92e296e6b7e9e9a7fa244026f6acea3859: Pulling from acciolyk/accio_bench
4f4fb700ef54: Pulling fs layer
d2b7cbf878ee: Pulling fs layer
566bc3a09055: Pulling fs layer
96e29c48dfb5: Pulling fs layer
c86baebd335f: Pulling fs layer
93b2c2daa79b: Pulling fs layer
9faa77892201: Pulling fs layer
80a42572c4f0: Pulling fs layer
f06d680a8132: Pulling fs layer
1653f84dda84: Pulling fs layer
5caa5d566b6e: Pulling fs layer
769b0b6b405d: Pulling fs layer
68f074cb694a: Pulling fs layer
bdb5934b299f: Pulling fs layer
ee945411a7ab: Pulling fs layer
2221fdffc801: Pulling fs layer
288b58133e47: Pulling fs layer
0e9d9e9d6b64: Pulling fs layer
5699738fe48c: Pulling fs layer
0352b46fd428: Pulling fs layer
fba779bd9112: Pulling fs layer
4f4fb700ef54: Pulling fs layer
888b12375722: Pulling fs layer
1653f84dda84: Already exists
288b58133e47: Already exists
888b12375722: Already exists
d2b7cbf878ee: Already exists
96e29c48dfb5: Already exists
769b0b6b405d: Already exists
2221fdffc801: Already exists
fba779bd9112: Already exists
4f4fb700ef54: Already exists
566bc3a09055: Already exists
80a42572c4f0: Already exists
5caa5d566b6e: Already exists
68f074cb694a: Already exists
ee945411a7ab: Already exists
0e9d9e9d6b64: Already exists
5699738fe48c: Already exists
f06d680a8132: Already exists
93b2c2daa79b: Already exists
bdb5934b299f: Already exists
0352b46fd428: Already exists
c86baebd335f: Already exists
4f4fb700ef54: Pull complete
unexpected EOF
