$ tsx scripts/run-gates.ts doc-sync
run-gates: doc-sync running 30 gate(s) with 4 worker(s) from 10 available CPU(s), doc-sync cap 4.
run-gates: start doc-typecheck
run-gates: start doc graphs
run-gates: start markdown links
run-gates: start type equivalence
run-gates: PASS type equivalence (7.91s)
run-gates: start cordis catalog
run-gates: PASS markdown links (11.08s)
run-gates: start Cordis inspect catalog
run-gates: PASS doc graphs (15.58s)
run-gates: start verify-mermaid
run-gates: PASS Cordis inspect catalog (4.57s)
run-gates: start scoped events
run-gates: PASS cordis catalog (10.46s)
run-gates: start translation pairing
run-gates: PASS verify-mermaid (7.96s)
run-gates: start markdown wrap
run-gates: PASS scoped events (8.86s)
run-gates: start client catalog
run-gates: PASS client catalog (2.06s)
run-gates: start export jsdoc
run-gates: PASS doc-typecheck (29.80s)
run-gates: start tool catalog
run-gates: PASS markdown wrap (6.29s)
run-gates: start config catalog
run-gates: PASS export jsdoc (3.46s)
run-gates: start persistence catalog
run-gates: PASS translation pairing (12.38s)
run-gates: start public repository links
run-gates: PASS tool catalog (1.26s)
run-gates: start doc refs
run-gates: PASS config catalog (1.31s)
run-gates: start subsystem pages
run-gates: PASS persistence catalog (1.28s)
run-gates: start package paths
run-gates: PASS subsystem pages (0.66s)
run-gates: start tsconfig paths
run-gates: PASS doc refs (0.85s)
run-gates: start config source ownership
run-gates: PASS package paths (1.00s)
run-gates: start package README model experience
run-gates: PASS tsconfig paths (0.55s)
run-gates: start agent note classification
run-gates: PASS public repository links (1.63s)
run-gates: start agent note format
run-gates: PASS config source ownership (0.52s)
run-gates: start archived agent notes
run-gates: PASS agent note classification (0.65s)
run-gates: start skill invocation metadata
run-gates: PASS agent note format (0.67s)
run-gates: start translation prompt
run-gates: PASS archived agent notes (0.65s)
run-gates: start doc budgets
run-gates: PASS skill invocation metadata (0.61s)
run-gates: start documentation standard tests
run-gates: PASS translation prompt (0.58s)
run-gates: start package README limitations
run-gates: PASS doc budgets (0.56s)
run-gates: PASS documentation standard tests (1.29s)
run-gates: PASS package README model experience (3.66s)
run-gates: PASS package README limitations (3.20s)

run-gates: 30 passed, 0 failed, 0 skipped in 36.83s.
